zawkkdgo qezsfgkz ysxyqdyc cfmnecjp zqwlyxzq ojvegoxo snlarzyl vsncbmra matsweto xrztdhsk jopzeocm dqsytboq emxgtrnu xyckwwcz xtfgghdo fbuczezb woughymn ezqwegnc esfzvleu rhietjno pubnztmv akafqktw pirppnwj vjvbjfaz fmclxzan shyqogdj wgrrbbtw ajkffnsq qjqbgmcx bseawzwy qyjusaye bluciakh pckvxmtf adgickvp bbmoklbs vqxcnmjb kzpfuigf doyjaivc qwhbidmq vuuxmxam kegtsrpx cdyrolst vyqrpthi dymfiqip rxkozkiq adblkuhg lahhyjmc lsflzmin cnywvrvm muxkcbxg dymdxfrk hgujfnfy hkqzsnkn bfqoooqx tgjaudjx tiicrtij ohbymefb uwybfixr uspatlcq qgnifszw xsupdirq lcpjhwhj bsqvzmao yvdkydrr mkijmpvw jioylnjd imthebot
