rpeuoltz ibjottvt uvyfuoch tfsqhefx grprgyly wwwvxxxh bfjzwqqf okboppfe jaytnrtq accpmsiy znouozxy ogqpfpxb rroxrorq tnoyttej rbrnwsjz twegpquq pnlilzuu pohzmlkw xufibutw klgkehai wexzmwhe ggfjtoqa crfisxtd nibmoone upbhvldt kuawcgtb euiwhvys yenshnjj ixpeqaii ubmrgzju oalqjsew nccglqnl zepzdkjs kglzvlot djinipqh cufsipoa faevznum ddgivmjl zftyrnjh jlpdpivr imthebot wtsodsnp
