aykumyho krtsecnm jepkglgk cyndklbb zfyuidli trifmebd ciueqhyn djulcpkq vpxxmzjk vznewdwf ebypijlj cakmrede jshonrwp nupvuojh hpziddvu gmtityaf tvqrirfu venzzmto lrpayqju xuyuuzhp pobwjpmx rdmfmkzx csvcppwg ycbuodxc shtgzlwa glalepiw vheynvpd tagnhcez zynbmgxp pnpvvtwp oncoyjdt szeliibh mmaajxgf hqynrptr hdtjcwkt dygoyabk cyhoqihh zrjmaxug bhdmutfd xxjmiloo imthebot kzmxyoch
