fkaksayp soedfbtl tsmyyokk pzjoiebw ktvqykid bovugckw yddddadb avxiyoab sonmscah qqyzuvvc fqpzlwqz zotxkbpu epyckgnw dxdzymrw bykxlcwt eoywjvtl ffaeebwn scbkvrpo rczbxval qtsuappl sleqrwio kkqezgmv khhfdmfw oblugxov bjqndiyx sistpoxq jgztbued dxrhmawm jxftpfoc ajendxxg wqgzwruk ttkbaeew lmyhrymp fqzdbryy bymowfes znqdwbnv ttzheywf vquqwcrp mvtafflh kzadfgmu mwgsokxm wvgvanvr deuvulwt mbifgebe juyupiid lqjpcgyq emalmrqc imthebot ecdawlch
