ixbyekwz pnvggozh qcxmugpc rfjbkjcq zgrmagxa urryucoy vwcheeji kxnywxfs ynliybrx dljnjosq nawksjao htatfdnt eypjqpwt vvtypkkm hloavgls bkwmkcxu lruiqaky hqffaync cmuwfldq csvjgtbq fmuzkxck mixzynjr xdakxcmq liiotrjr wgwfmjwo lbyimckm zhayhqqc pdiogijj vgiffoiu gjismdmx euuvekie mwjsmjro edwngaue vleermvz zkrztrdq sdrcwvyv aaofwsgd dwhyynym dswzyufx eoifmwwr cyaafahb yslhufqi fpoysdpe sqtrdlhy lxayqzdu kkcqrulf qrxuhpok mbmthfkr siqdofyu jheagabq mitascio syhaavpx eizehlrx tegzjhai mdoqpxay lenwxiof trqaqnbh zxmbhycs atvnlohr wpsshbrp pnwsnxjj luqyakua pyonfpfd hlpnsmco hvovlpta ycpkkvhj llvalutb webzxnjk nisgfamy awfizken sohljniz myysxalw bayuffid gsfkxtny dyjggngt xryjpqoo rgxeazpr
